<html>
<body>
<pre>
<h1>µVision Build Log</h1>
<h2>Tool Versions:</h2>
IDE-Version: µVision V5.26.2.0
Copyright (C) 2018 ARM Ltd and ARM Germany GmbH. All rights reserved.
License Information: Antoine Windows, HP Inc., LIC=----
 
Tool Versions:
Toolchain:       MDK-Lite  Version: 5.26.2.0
Toolchain Path:  D:\logiciels\Keil\ARM\ARMCC\Bin
C Compiler:      Armcc.exe V5.06 update 6 (build 750)
Assembler:       Armasm.exe V5.06 update 6 (build 750)
Linker/Locator:  ArmLink.exe V5.06 update 6 (build 750)
Library Manager: ArmAr.exe V5.06 update 6 (build 750)
Hex Converter:   FromElf.exe V5.06 update 6 (build 750)
CPU DLL:         SARMCM3.DLL V5.26.2.0
Dialog DLL:      DCM.DLL V1.17.2.0
Target DLL:      STLink\ST-LINKIII-KEIL_SWO.dll V3.0.5.0
Dialog DLL:      TCM.DLL V1.36.1.0
 
<h2>Project:</h2>
D:\Ynov\Projet_Escape_Game\CodesGitHub\Hunting_Town\MDK-ARM\UART_Keil.uvprojx
Project File Date:  02/04/2019

<h2>Output:</h2>
*** Using Compiler 'V5.06 update 6 (build 750)', folder: 'D:\logiciels\Keil\ARM\ARMCC\Bin'
Build target 'UART_Keil'
compiling main.c...
../Src/main.c(304): warning:  #177-D: variable "latitudeConvpartieun"  was declared but never referenced
  	static char latitudeConvpartieun[2];
../Src/main.c(305): warning:  #177-D: variable "latitudeConvpartiedeux"  was declared but never referenced
  	static char latitudeConvpartiedeux[6];
../Src/main.c(306): warning:  #177-D: variable "longitudeConvpartieun"  was declared but never referenced
  	static char longitudeConvpartieun[3];
../Src/main.c(307): warning:  #177-D: variable "longitudeConvpartiedeux"  was declared but never referenced
  	static char longitudeConvpartiedeux[6];
../Src/main.c(309): warning:  #177-D: variable "latitudeFinale"  was declared but never referenced
  	float latitudeFinale;
../Src/main.c(310): warning:  #177-D: variable "longitudeFinale"  was declared but never referenced
  	float longitudeFinale;
../Src/main.c(312): warning:  #177-D: variable "l"  was declared but never referenced
  	char *l;
../Src/main.c(313): warning:  #177-D: variable "L"  was declared but never referenced
  	char *L;
../Src/main.c: 8 warnings, 0 errors
linking...
Program Size: Code=5348 RO-data=448 RW-data=32 ZI-data=1528  
FromELF: creating hex file...
"UART_Keil\UART_Keil.axf" - 0 Error(s), 8 Warning(s).

<h2>Software Packages used:</h2>

Package Vendor: ARM
                http://www.keil.com/pack/ARM.CMSIS.5.4.0.pack
                ARM.CMSIS.5.4.0
                CMSIS (Cortex Microcontroller Software Interface Standard)
   * Component: CORE Version: 5.1.2

Package Vendor: Keil
                http://www.keil.com/pack/Keil.STM32F4xx_DFP.2.13.0.pack
                Keil.STM32F4xx_DFP.2.13.0
                STMicroelectronics STM32F4 Series Device Support, Drivers and Examples

<h2>Collection of Component include folders:</h2>
  .\RTE\_UART_Keil
  D:\logiciels\Keil\ARM\PACK\ARM\CMSIS\5.4.0\CMSIS\Core\Include
  D:\logiciels\Keil\ARM\PACK\Keil\STM32F4xx_DFP\2.13.0\Drivers\CMSIS\Device\ST\STM32F4xx\Include

<h2>Collection of Component Files used:</h2>

   * Component: ARM::CMSIS:CORE:5.1.2
Build Time Elapsed:  00:00:03
</pre>
</body>
</html>
